Placeholder log file - error_log.txt
Generated on 11/06/2025 12:15:52
